{
  "units": {
    "unit": "px",
    "dpi": 96
  },
  "pages": [
    {
      "break": {
        "startOffsetPx": 0,
        "pos": 2524,
        "top": 864,
        "bottom": 864,
        "fittedTop": 864,
        "fittedBottom": 864
      },
      "metrics": {
        "pageHeightPx": 1056,
        "pageWidthPx": 816,
        "marginTopPx": 96,
        "marginBottomPx": 96,
        "marginLeftPx": 96,
        "marginRightPx": 96,
        "contentHeightPx": 864,
        "contentWidthPx": 624,
        "headerHeightPx": 96,
        "footerHeightPx": 96,
        "pageGapPx": 20
      },
      "pageBottomSpacingPx": 0,
      "header": {
        "heightPx": 96,
        "metrics": {
          "offsetPx": 96,
          "contentHeightPx": 0,
          "effectiveHeightPx": 96
        }
      },
      "footer": {
        "heightPx": 96,
        "metrics": {
          "offsetPx": 96,
          "contentHeightPx": 0,
          "effectiveHeightPx": 96
        }
      }
    },
    {
      "break": {
        "startOffsetPx": 864,
        "pos": 4189,
        "top": 1424,
        "bottom": 1424,
        "fittedTop": 1424,
        "fittedBottom": 1424
      },
      "metrics": {
        "pageHeightPx": 1056,
        "pageWidthPx": 816,
        "marginTopPx": 96,
        "marginBottomPx": 96,
        "marginLeftPx": 96,
        "marginRightPx": 96,
        "contentHeightPx": 864,
        "contentWidthPx": 624,
        "headerHeightPx": 96,
        "footerHeightPx": 96,
        "pageGapPx": 20
      },
      "pageBottomSpacingPx": 304,
      "header": {
        "heightPx": 96,
        "metrics": {
          "offsetPx": 96,
          "contentHeightPx": 0,
          "effectiveHeightPx": 96
        }
      },
      "footer": {
        "heightPx": 96,
        "metrics": {
          "offsetPx": 96,
          "contentHeightPx": 0,
          "effectiveHeightPx": 96
        }
      }
    }
  ]
}
