{
  "units": {
    "unit": "px",
    "dpi": 96
  },
  "pages": [
    {
      "pageIndex": 0,
      "pageTopOffsetPx": 0,
      "pageGapPx": 20,
      "pageBottomSpacingPx": 24,
      "break": {
        "startOffsetPx": 0,
        "pos": 2791,
        "top": 840,
        "bottom": 840,
        "fittedTop": 840,
        "fittedBottom": 840
      },
      "metrics": {
        "pageHeightPx": 1056,
        "pageWidthPx": 816,
        "marginTopPx": 96,
        "marginBottomPx": 96,
        "marginLeftPx": 120,
        "marginRightPx": 120,
        "contentHeightPx": 864,
        "contentWidthPx": 576,
        "headerHeightPx": 96,
        "footerHeightPx": 96,
        "pageGapPx": 20
      },
      "headerFooterAreas": {
        "header": {
          "heightPx": 96,
          "metrics": {
            "offsetPx": 96,
            "contentHeightPx": 0,
            "effectiveHeightPx": 96
          }
        },
        "footer": {
          "heightPx": 96,
          "metrics": {
            "offsetPx": 96,
            "contentHeightPx": 0,
            "effectiveHeightPx": 96
          }
        }
      }
    },
    {
      "pageIndex": 1,
      "pageTopOffsetPx": 1076,
      "pageGapPx": 20,
      "pageBottomSpacingPx": 304,
      "break": {
        "startOffsetPx": 840,
        "pos": 4648,
        "top": 1400,
        "bottom": 1400,
        "fittedTop": 1400,
        "fittedBottom": 1400
      },
      "metrics": {
        "pageHeightPx": 1056,
        "pageWidthPx": 816,
        "marginTopPx": 96,
        "marginBottomPx": 96,
        "marginLeftPx": 120,
        "marginRightPx": 120,
        "contentHeightPx": 864,
        "contentWidthPx": 576,
        "headerHeightPx": 96,
        "footerHeightPx": 96,
        "pageGapPx": 20
      },
      "headerFooterAreas": {
        "header": {
          "heightPx": 96,
          "metrics": {
            "offsetPx": 96,
            "contentHeightPx": 0,
            "effectiveHeightPx": 96
          }
        },
        "footer": {
          "heightPx": 96,
          "metrics": {
            "offsetPx": 96,
            "contentHeightPx": 0,
            "effectiveHeightPx": 96
          }
        }
      }
    }
  ]
}
